exports[`Intro runs the Intro 1`] = `
<article>
  <Component>
    ## Hello! I\'m Kevin - your friendly neighborhood JavaScript developer.  
    When I\'m not protecting the community from \`eslint\` errors and 
    unresolved \`Promise\` chains you will find me volunteering, at your 
    local Meetup, or dancing Cuban salsa!
  </Component>
</article>
`;
