exports[`Main runs the Main 1`] = `
<main>
  <Title />
  <Intro />
  <ContactBar />
</main>
`;
