exports[`Title runs the Title 1`] = `
<div>
  <p>
    <span
      className="name">
      Kevin Wong
    </span>
     
    <br />
    Full Stack Web Developer   -   React.js / Node.js
  </p>
  <hr />
</div>
`;
